---
source: fuel-indexer-schema/src/lib.rs
assertion_line: 234
expression: string255.query_fragment()
---
"'hello world'"

