---
source: packages/fuel-indexer-schema/src/lib.rs
expression: int4_none.query_fragment()
---
"null"

