---
source: packages/fuel-indexer-schema/src/lib.rs
expression: int8_none.query_fragment()
---
"NULL"

