---
source: packages/fuel-indexer-schema/src/lib.rs
expression: message_id_none.query_fragment()
---
"NULL"

