---
source: packages/fuel-indexer-schema/src/lib.rs
expression: bytes4_none.query_fragment()
---
"NULL"

