---
source: packages/fuel-indexer-schema/src/lib.rs
expression: identity.query_fragment()
---
"'1212121212121212121212121212121212121212121212121212121212121212'"

