---
source: packages/fuel-indexer-schema/src/lib.rs
expression: block_height.query_fragment()
---
"NULL"

