---
source: packages/fuel-indexer-schema/src/lib.rs
expression: array.query_fragment()
---
"ARRAY [1]"

