---
source: packages/fuel-indexer-schema/src/lib.rs
expression: int2.query_fragment()
---
"30840"

