---
source: packages/fuel-indexer-schema/src/lib.rs
expression: bytes64.query_fragment()
---
"'12121212121212121212121212121212121212121212121212121212121212121212121212121212121212121212121212121212121212121212121212121212'"

