---
source: packages/fuel-indexer-schema/src/lib.rs
expression: scalar_list_none.query_fragment()
---
"NULL"

