---
source: packages/fuel-indexer-schema/src/lib.rs
expression: charfield_none.query_fragment()
---
"NULL"

