---
source: packages/fuel-indexer-schema/src/lib.rs
expression: tai64_timestamp.query_fragment()
---
"'0000000000000000'"

