---
source: packages/fuel-indexer-schema/src/lib.rs
expression: asset_id.query_fragment()
---
"'a5a5a5a5a5a5a5a5a5a5a5a5a5a5a5a5a5a5a5a5a5a5a5a5a5a5a5a5a5a5a5a5'"

