---
source: packages/fuel-indexer-schema/src/lib.rs
expression: blob.query_fragment()
---
"'000102030405'"

