---
source: fuel-indexer-schema/src/lib.rs
assertion_line: 236
expression: Json.query_fragment()
---
"'{\"hello\":\"world\"}'"

