---
source: packages/fuel-indexer-schema/src/lib.rs
expression: hex.query_fragment()
---
"NULL"

