---
source: packages/fuel-indexer-schema/src/lib.rs
expression: "r#enum.query_fragment()"
---
"'hello'"

