---
source: packages/fuel-indexer-tests/tests/commands.rs
expression: output
---
Fuel indexer web server

USAGE:
    fuel-indexer-api-server run [OPTIONS]

OPTIONS:
        --accept-sql-queries
            Allow the web server to accept raw SQL queries.

        --auth-enabled
            Require users to authenticate for some operations.

        --auth-strategy <AUTH_STRATEGY>
            Authentication scheme used. [possible values: jwt]

    -c, --config <CONFIG>
            API server config file.

        --database <DATABASE>
            Database type. [default: postgres] [possible values: postgres]

        --disable-toolchain-version-check
            By default, Fuel Indexer will only accept WASM indexer modules compiled with the same
            toolchain version as the version of Fuel Indexer.

        --fuel-node-host <FUEL_NODE_HOST>
            Host of the running Fuel node. [default: localhost]

        --fuel-node-port <FUEL_NODE_PORT>
            Listening port of the running Fuel node. [default: 4000]

    -h, --help
            Print help information

        --jwt-expiry <JWT_EXPIRY>
            Amount of time (seconds) before expiring token (if JWT scheme is specified).

        --jwt-issuer <JWT_ISSUER>
            Issuer of JWT claims (if JWT scheme is specified).

        --jwt-secret <JWT_SECRET>
            Secret used for JWT scheme (if JWT scheme is specified).

        --log-level <LOG_LEVEL>
            Log level passed to the Fuel Indexer service. [default: info] [possible values: info,
            debug, error, warn]

        --max-body-size <MAX_BODY_SIZE>
            Max body size for web requests. [default: 5242880]

        --metrics
            Use Prometheus metrics reporting.

        --network <NETWORK>
            Use a network alias when connecting to a Fuel client. [default: beta-3 beta-4 beta-5]

        --postgres-database <POSTGRES_DATABASE>
            Postgres database.

        --postgres-host <POSTGRES_HOST>
            Postgres host.

        --postgres-password <POSTGRES_PASSWORD>
            Postgres password.

        --postgres-port <POSTGRES_PORT>
            Postgres port.

        --postgres-user <POSTGRES_USER>
            Postgres username.

        --rate-limit
            Enable rate limiting.

        --rate-limit-request-count <RATE_LIMIT_REQUEST_COUNT>
            Maximum number of requests to allow over --rate-limit-window..

        --rate-limit-window-size <RATE_LIMIT_WINDOW_SIZE>
            Number of seconds over which to allow --rate-limit-rps.

        --run-migrations
            Run database migrations before starting service.

    -v, --verbose
            Enable verbose logging.

    -V, --version
            Print version information

        --web-api-host <WEB_API_HOST>
            Web API host. [default: localhost]

        --web-api-port <WEB_API_PORT>
            Web API port. [default: 29987]
